../Drivers/CMSIS/Include/core_cm4.h:1684:22:__NVIC_EnableIRQ	16	static,ignoring_inline_asm
../Core/Src/apps/system_config/framework/drv_sci.c:15:6:InitSciGPIO	8	static
../Core/Src/apps/system_config/framework/drv_sci.c:24:6:InitSci1Gpio	4	static
../Core/Src/apps/system_config/framework/drv_sci.c:50:6:InitSci2Gpio	4	static
../Core/Src/apps/system_config/framework/drv_sci.c:75:6:InitSci3Gpio	4	static
../Core/Src/apps/system_config/framework/drv_sci.c:82:6:InitSciModules	8	static
../Core/Src/apps/system_config/framework/drv_sci.c:93:6:InitSci1	8	static
../Core/Src/apps/system_config/framework/drv_sci.c:125:6:InitSci2	8	static
../Core/Src/apps/system_config/framework/drv_sci.c:161:6:InitSci3	4	static
../Core/Src/apps/system_config/framework/drv_sci.c:168:6:InitBufferSci1	16	static
../Core/Src/apps/system_config/framework/drv_sci.c:183:6:InitBufferSci2	16	static
../Core/Src/apps/system_config/framework/drv_sci.c:198:6:InitBufferSci3	16	static
../Core/Src/apps/system_config/framework/drv_sci.c:217:6:USART1_ResetQueue	4	static
../Core/Src/apps/system_config/framework/drv_sci.c:227:6:USART1_Transmit	24	static
../Core/Src/apps/system_config/framework/drv_sci.c:253:6:USART2_ResetQueue	4	static
../Core/Src/apps/system_config/framework/drv_sci.c:262:6:USART2_Transmit	24	static
