../Drivers/CMSIS/Include/core_cm4.h:1684:22:__NVIC_EnableIRQ	16	static,ignoring_inline_asm
../Core/Src/apps/system_config/framework/drv_sci.c:15:6:InitSciGPIO	8	static
../Core/Src/apps/system_config/framework/drv_sci.c:24:6:InitSci1Gpio	4	static
../Core/Src/apps/system_config/framework/drv_sci.c:50:6:InitSci2Gpio	4	static
../Core/Src/apps/system_config/framework/drv_sci.c:57:6:InitSci3Gpio	4	static
../Core/Src/apps/system_config/framework/drv_sci.c:64:6:InitSciModules	8	static
../Core/Src/apps/system_config/framework/drv_sci.c:74:6:InitSci1	8	static
../Core/Src/apps/system_config/framework/drv_sci.c:97:6:InitSci2	4	static
../Core/Src/apps/system_config/framework/drv_sci.c:104:6:InitSci3	4	static
../Core/Src/apps/system_config/framework/drv_sci.c:111:6:InitBufferSci1	16	static
../Core/Src/apps/system_config/framework/drv_sci.c:126:6:InitBufferSci2	16	static
../Core/Src/apps/system_config/framework/drv_sci.c:141:6:InitBufferSci3	16	static
../Core/Src/apps/system_config/framework/drv_sci.c:160:6:USART1_ResetQueue	4	static
../Core/Src/apps/system_config/framework/drv_sci.c:170:6:USART1_Transmit	24	static
